// Jest Snapshot v1, https://goo.gl/fbAQLP

exports[`Link snapshot testing 1`] = `
<DocumentFragment>
  <a
    class="MuiTypography-root MuiTypography-inherit MuiLink-root MuiLink-underlineNone css-uxrmkj-MuiTypography-root-MuiLink-root"
    href="/keiba"
  >
    keiba
  </a>
</DocumentFragment>
`;
